
============================================================
Testing model: gemini-3-pro-preview
============================================================
.venv\Scripts\python 
: Traceback (most 
recent call last):
At line:1 char:1
+ 
.venv\Scripts\python 
test_gemini_models.py 
2>&1 | Out-File 
-Encoding  ...
+ ~~~~~~~~~~~~~~~~~~~~
~~~~~~~~~~~~~~~~~~~~~~
~~~~~
    + CategoryInfo    
          : NotSpeci  
  fied: (Traceback    
 (most recent call    
 last)::String) [    
], RemoteExceptio    n
    + FullyQualifiedE 
   rrorId : NativeCo  
  mmandError
 
  File "C:\Users\My-PC
\Desktop\pintrends\tes
t_gemini_models.py", 
line 45, in <module>
    print(f"\u2705 
SUCCESS with system 
role!")
  File "C:\Users\My-PC
\AppData\Local\Program
s\Python\Python311\Lib
\encodings\cp1252.py",
 line 19, in encode
    return codecs.char
map_encode(input,self.
errors,encoding_table)
[0]
           ^^^^^^^^^^^
^^^^^^^^^^^^^^^^^^^^^^
^^^^^^^^^^^^^^^^^^^^^^
UnicodeEncodeError: 
'charmap' codec can't 
encode character 
'\u2705' in position 
0: character maps to 
<undefined>

During handling of 
the above exception, 
another exception 
occurred:

Traceback (most 
recent call last):
  File "C:\Users\My-PC
\Desktop\pintrends\tes
t_gemini_models.py", 
line 49, in <module>
    print(f"\u274c 
FAILED with system 
role: {e}")
  File "C:\Users\My-PC
\AppData\Local\Program
s\Python\Python311\Lib
\encodings\cp1252.py",
 line 19, in encode
    return codecs.char
map_encode(input,self.
errors,encoding_table)
[0]
           ^^^^^^^^^^^
^^^^^^^^^^^^^^^^^^^^^^
^^^^^^^^^^^^^^^^^^^^^^
UnicodeEncodeError: 
'charmap' codec can't 
encode character 
'\u274c' in position 
0: character maps to 
<undefined>
